[machine.1]            0 task-created id=1 name="bt_demo"
[machine.1]            0 user-u32 "microcar_boot_bt_demo" = 1
[machine.1]            0 user-u32 "microcar_tasks_created" = 1
[machine.1]            0 task-created id=2 name="IDLE"
[machine.1]            0 task-created id=3 name="Tmr Svc"
[machine.1]            0 task-resume id=3 reason=scheduler
[machine.1]            0 task-yield id=3 reason=RtosPortYield
[machine.1]            0 task-resume id=1 reason=scheduler
[machine.1]            0 task-yield id=1 reason=RtosPortYield
[machine.1]            0 user-u32 "bt_demo_started" = 1
[machine.1]            0 user-u32 "bt_register_id" = 0
[machine.1]            0 user-u32 "bt_cmd_sent_bytes" = 3
[machine.1]            0 task-resume id=2 reason=scheduler
[machine.1]            0 task-yield id=2 reason=Idle
[machine.1]            1 task-resume id=1 reason=scheduler
[machine.1]            1 task-yield id=1 reason=RtosPortYield
[machine.1]            1 user-u32 "bt_polling_events" = 1
[machine.1]            1 user-u32 "bt_total_recv" = 0
[machine.1]            1 user-u32 "bt_demo_finished" = 1
[machine.1]            1 task-resume id=2 reason=scheduler
[machine.1]            1 task-yield id=2 reason=Idle
